../Core/Src/st12864.c:22:6:Delay_Interup_us	16	static
../Core/Src/st12864.c:29:6:ST7920_SendCmd	16	static
../Core/Src/st12864.c:42:6:ST7920_SendData	16	static
../Core/Src/st12864.c:55:6:ST7920_GraphicMode	16	static
../Core/Src/st12864.c:75:6:ST7920_init	8	static
../Core/Src/st12864.c:98:6:ST7920_DrawBitmap	24	static
../Core/Src/st12864.c:127:6:ST7920_SendString	24	static
../Core/Src/st12864.c:157:6:ST7920_Clear	16	static
../Core/Src/st12864.c:190:6:ST7920_Update	8	static
../Core/Src/st12864.c:196:13:SetPixel	24	static
../Core/Src/st12864.c:220:6:DrawLine	48	static
../Core/Src/st12864.c:254:6:DrawRectangle	24	static
../Core/Src/st12864.c:288:6:DrawFilledRectangle	32	static
../Core/Src/st12864.c:323:6:DrawCircle	40	static
../Core/Src/st12864.c:362:6:DrawFilledCircle	40	static
../Core/Src/st12864.c:397:6:DrawTriangle	24	static
../Core/Src/st12864.c:408:6:DrawFilledTriangle	56	static
